// Jest Snapshot v1, https://goo.gl/fbAQLP

exports[`Test Stories 1`] = `
<div
  className="container-fluid"
/>
`;
